[    0.000000] Initializing cgroup subsys cpuset
[    0.000000] Initializing cgroup subsys cpu
[    0.000000] Initializing cgroup subsys cpuacct
[    0.000000] Linux version 4.4.0-210-generic (buildd@lgw01-amd64-009) (gcc version 5.4.0 20160609 (Ubuntu 5.4.0-6ubuntu1~16.04.12) ) #242-Ubuntu SMP Fri Apr 16 09:57:56 UTC 2021 (Ubuntu 4.4.0-210.242-generic 4.4.262)
[    0.000000] Command line: BOOT_IMAGE=/boot/vmlinuz-4.4.0-210-generic root=LABEL=cloudimg-rootfs ro console=tty1 console=ttyS0
[    0.000000] KERNEL supported cpus:
[    0.000000]   Intel GenuineIntel
[    0.000000]   AMD AuthenticAMD
[    0.000000]   Centaur CentaurHauls
[    0.000000] x86/fpu: xstate_offset[2]:  576, xstate_sizes[2]:  256
[    0.000000] x86/fpu: Supporting XSAVE feature 0x01: 'x87 floating point registers'
[    0.000000] x86/fpu: Supporting XSAVE feature 0x02: 'SSE registers'
[    0.000000] x86/fpu: Supporting XSAVE feature 0x04: 'AVX registers'
[    0.000000] x86/fpu: Enabled xstate features 0x7, context size is 832 bytes, using 'standard' format.
[    0.000000] e820: BIOS-provided physical RAM map:
[    0.000000] BIOS-e820: [mem 0x0000000000000000-0x000000000009fbff] usable
[    0.000000] BIOS-e820: [mem 0x000000000009fc00-0x000000000009ffff] reserved
[    0.000000] BIOS-e820: [mem 0x00000000000f0000-0x00000000000fffff] reserved
[    0.000000] BIOS-e820: [mem 0x0000000000100000-0x000000003ffeffff] usable
[    0.000000] BIOS-e820: [mem 0x000000003fff0000-0x000000003fffffff] ACPI data
[    0.000000] BIOS-e820: [mem 0x00000000fec00000-0x00000000fec00fff] reserved
[    0.000000] BIOS-e820: [mem 0x00000000fee00000-0x00000000fee00fff] reserved
[    0.000000] BIOS-e820: [mem 0x00000000fffc0000-0x00000000ffffffff] reserved
[    0.000000] NX (Execute Disable) protection: active
[    0.000000] SMBIOS 2.5 present.
[    0.000000] Hypervisor detected: KVM
[    0.000000] e820: last_pfn = 0x3fff0 max_arch_pfn = 0x400000000
[    0.000000] MTRR: Disabled
[    0.000000] x86/PAT: MTRRs disabled, skipping PAT initialization too.
[    0.000000] CPU MTRRs all blank - virtualized system.
[    0.000000] x86/PAT: Configuration [0-7]: WB  WT  UC- UC  WB  WT  UC- UC  
[    0.000000] found SMP MP-table at [mem 0x0009fff0-0x0009ffff] mapped at [ffff88000009fff0]
[    0.000000] Scanning 1 areas for low memory corruption
[    0.000000] RAMDISK: [mem 0x362dc000-0x37165fff]
[    0.000000] ACPI: Early table checksum verification disabled
[    0.000000] ACPI: RSDP 0x00000000000E0000 000024 (v02 VBOX  )
[    0.000000] ACPI: XSDT 0x000000003FFF0030 00003C (v01 VBOX   VBOXXSDT 00000001 ASL  00000061)
[    0.000000] ACPI: FACP 0x000000003FFF00F0 0000F4 (v04 VBOX   VBOXFACP 00000001 ASL  00000061)
[    0.000000] ACPI: DSDT 0x000000003FFF0470 002325 (v02 VBOX   VBOXBIOS 00000002 INTL 20200925)
[    0.000000] ACPI: FACS 0x000000003FFF0200 000040
[    0.000000] ACPI: FACS 0x000000003FFF0200 000040
[    0.000000] ACPI: APIC 0x000000003FFF0240 00005C (v02 VBOX   VBOXAPIC 00000001 ASL  00000061)
[    0.000000] ACPI: SSDT 0x000000003FFF02A0 0001CC (v01 VBOX   VBOXCPUT 00000002 INTL 20200925)
[    0.000000] No NUMA configuration found
[    0.000000] Faking a node at [mem 0x0000000000000000-0x000000003ffeffff]
[    0.000000] NODE_DATA(0) allocated [mem 0x3ffeb000-0x3ffeffff]
[    0.000000] kvm-clock: Using msrs 4b564d01 and 4b564d00
[    0.000000] kvm-clock: cpu 0, msr 0:3ffe3001, primary cpu clock
[    0.000000] kvm-clock: using sched offset of 3046270587 cycles
[    0.000000] clocksource: kvm-clock: mask: 0xffffffffffffffff max_cycles: 0x1cd42e4dffb, max_idle_ns: 881590591483 ns
[    0.000000] Zone ranges:
[    0.000000]   DMA      [mem 0x0000000000001000-0x0000000000ffffff]
[    0.000000]   DMA32    [mem 0x0000000001000000-0x000000003ffeffff]
[    0.000000]   Normal   empty
[    0.000000]   Device   empty
[    0.000000] Movable zone start for each node
[    0.000000] Early memory node ranges
[    0.000000]   node   0: [mem 0x0000000000001000-0x000000000009efff]
[    0.000000]   node   0: [mem 0x0000000000100000-0x000000003ffeffff]
[    0.000000] Initmem setup node 0 [mem 0x0000000000001000-0x000000003ffeffff]
[    0.000000] ACPI: PM-Timer IO Port: 0x4008
[    0.000000] IOAPIC[0]: apic_id 2, version 32, address 0xfec00000, GSI 0-23
[    0.000000] ACPI: INT_SRC_OVR (bus 0 bus_irq 0 global_irq 2 dfl dfl)
[    0.000000] ACPI: INT_SRC_OVR (bus 0 bus_irq 9 global_irq 9 low level)
[    0.000000] Using ACPI (MADT) for SMP configuration information
[    0.000000] smpboot: Allowing 2 CPUs, 0 hotplug CPUs
[    0.000000] PM: Registered nosave memory: [mem 0x00000000-0x00000fff]
[    0.000000] PM: Registered nosave memory: [mem 0x0009f000-0x0009ffff]
[    0.000000] PM: Registered nosave memory: [mem 0x000a0000-0x000effff]
[    0.000000] PM: Registered nosave memory: [mem 0x000f0000-0x000fffff]
[    0.000000] e820: [mem 0x40000000-0xfebfffff] available for PCI devices
[    0.000000] Booting paravirtualized kernel on KVM
[    0.000000] clocksource: refined-jiffies: mask: 0xffffffff max_cycles: 0xffffffff, max_idle_ns: 7645519600211568 ns
[    0.000000] setup_percpu: NR_CPUS:512 nr_cpumask_bits:512 nr_cpu_ids:2 nr_node_ids:1
[    0.000000] PERCPU: Embedded 33 pages/cpu @ffff88003fc00000 s95192 r8192 d31784 u1048576
[    0.000000] Built 1 zonelists in Node order, mobility grouping on.  Total pages: 257912
[    0.000000] Policy zone: DMA32
[    0.000000] Kernel command line: BOOT_IMAGE=/boot/vmlinuz-4.4.0-210-generic root=LABEL=cloudimg-rootfs ro console=tty1 console=ttyS0
[    0.000000] PID hash table entries: 4096 (order: 3, 32768 bytes)
[    0.000000] Memory: 997792K/1048120K available (8644K kernel code, 1332K rwdata, 4044K rodata, 1492K init, 1164K bss, 50328K reserved, 0K cma-reserved)
[    0.000000] SLUB: HWalign=64, Order=0-3, MinObjects=0, CPUs=2, Nodes=1
[    0.000000] Kernel/User page tables isolation: enabled
[    0.000000] Hierarchical RCU implementation.
[    0.000000] 	Build-time adjustment of leaf fanout to 64.
[    0.000000] 	RCU restricting CPUs from NR_CPUS=512 to nr_cpu_ids=2.
[    0.000000] RCU: Adjusting geometry for rcu_fanout_leaf=64, nr_cpu_ids=2
[    0.000000] NR_IRQS:33024 nr_irqs:440 16
[    0.000000] Console: colour VGA+ 80x25
[    0.000000] console [tty1] enabled
[    0.000000] console [ttyS0] enabled
[    0.000000] tsc: Detected 2903.996 MHz processor
[    0.105358] Calibrating delay loop (skipped) preset value.. 5807.99 BogoMIPS (lpj=11615984)
[    0.106644] pid_max: default: 32768 minimum: 301
[    0.107321] ACPI: Core revision 20150930
[    0.108607] ACPI: 2 ACPI AML tables successfully acquired and loaded
[    0.109644] Security Framework initialized
[    0.110259] Yama: becoming mindful.
[    0.110819] AppArmor: AppArmor initialized
[    0.111488] Dentry cache hash table entries: 131072 (order: 8, 1048576 bytes)
[    0.113110] Inode-cache hash table entries: 65536 (order: 7, 524288 bytes)
[    0.114167] Mount-cache hash table entries: 2048 (order: 2, 16384 bytes)
[    0.115058] Mountpoint-cache hash table entries: 2048 (order: 2, 16384 bytes)
[    0.116089] Initializing cgroup subsys io
[    0.116758] Initializing cgroup subsys memory
[    0.117450] Initializing cgroup subsys devices
[    0.118107] Initializing cgroup subsys freezer
[    0.118763] Initializing cgroup subsys net_cls
[    0.119417] Initializing cgroup subsys perf_event
[    0.120096] Initializing cgroup subsys net_prio
[    0.120829] Initializing cgroup subsys hugetlb
[    0.121521] Initializing cgroup subsys pids
[    0.129759] mce: CPU supports 0 MCE banks
[    0.130408] Last level iTLB entries: 4KB 64, 2MB 8, 4MB 8
[    0.131199] Last level dTLB entries: 4KB 64, 2MB 0, 4MB 0, 1GB 4
[    0.132019] Spectre V1 : Mitigation: usercopy/swapgs barriers and __user pointer sanitization
[    0.133278] Spectre V2 : Mitigation: Full generic retpoline
[    0.134832] Spectre V2 : Spectre v2 / SpectreRSB mitigation: Filling RSB on context switch
[    0.137447] Speculative Store Bypass: Vulnerable
[    0.138217] MDS: Mitigation: Clear CPU buffers
[    0.141125] Freeing SMP alternatives memory: 36K
[    0.146727] ftrace: allocating 32380 entries in 127 pages
[    0.196503] smpboot: APIC(0) Converting physical 0 to logical package 0
[    0.197438] smpboot: Max logical packages: 1
[    0.198294] x2apic enabled
[    0.198962] Switched APIC routing to physical x2apic.
[    0.200613] ..TIMER: vector=0x30 apic1=0 pin1=2 apic2=-1 pin2=-1
[    0.309538] smpboot: CPU0: Intel(R) Core(TM) i5-10400F CPU @ 2.90GHz (family: 0x6, model: 0xa5, stepping: 0x3)
[    0.311117] Performance Events: unsupported p6 CPU model 165 no PMU driver, software events only.
[    0.320916] KVM setup paravirtual spinlock
[    0.322183] x86: Booting SMP configuration:
[    0.322847] .... node  #0, CPUs:      #1
[    0.323567] kvm-clock: cpu 1, msr 0:3ffe3041, secondary cpu clock
[    0.331739] mce: CPU supports 0 MCE banks
[    0.334228] x86: Booted up 1 node, 2 CPUs
[    0.335021] smpboot: Total of 2 processors activated (11615.98 BogoMIPS)
[    0.336211] devtmpfs: initialized
[    0.338255] evm: security.selinux
[    0.338794] evm: security.SMACK64
[    0.339331] evm: security.SMACK64EXEC
[    0.339902] evm: security.SMACK64TRANSMUTE
[    0.340525] evm: security.SMACK64MMAP
[    0.341095] evm: security.ima
[    0.341669] evm: security.capability
[    0.342353] clocksource: jiffies: mask: 0xffffffff max_cycles: 0xffffffff, max_idle_ns: 7645041785100000 ns
[    0.343715] futex hash table entries: 512 (order: 3, 32768 bytes)
[    0.344647] pinctrl core: initialized pinctrl subsystem
[    0.345493] RTC time:  9:21:26, date: 02/22/23
[    0.346352] NET: Registered protocol family 16
[    0.357643] cpuidle: using governor ladder
[    0.369957] cpuidle: using governor menu
[    0.373151] PCCT header not found.
[    0.376342] ACPI: bus type PCI registered
[    0.379773] acpiphp: ACPI Hot Plug PCI Controller Driver version: 0.5
[    0.383269] PCI: Using configuration type 1 for base access
[    0.400401] ACPI: Added _OSI(Module Device)
[    0.401803] ACPI: Added _OSI(Processor Device)
[    0.403266] ACPI: Added _OSI(3.0 _SCP Extensions)
[    0.404663] ACPI: Added _OSI(Processor Aggregator Device)
[    0.407282] ACPI: Executed 1 blocks of module-level executable AML code
[    0.411956] ACPI: Interpreter enabled
[    0.412995] ACPI: (supports S0 S5)
[    0.414023] ACPI: Using IOAPIC for interrupt routing
[    0.415449] PCI: Using host bridge windows from ACPI; if necessary, use "pci=nocrs" and report a bug
[    0.420952] ACPI: PCI Root Bridge [PCI0] (domain 0000 [bus 00-ff])
[    0.422056] acpi PNP0A03:00: _OSC: OS supports [ASPM ClockPM Segments MSI]
[    0.423500] acpi PNP0A03:00: _OSC: not requesting OS control; OS requires [ExtendedConfig ASPM ClockPM MSI]
[    0.425252] acpi PNP0A03:00: fail to add MMCONFIG information, can't access extended PCI configuration space under this bridge.
[    0.427372] PCI host bridge to bus 0000:00
[    0.428089] pci_bus 0000:00: root bus resource [io  0x0000-0x0cf7 window]
[    0.429118] pci_bus 0000:00: root bus resource [io  0x0d00-0xffff window]
[    0.430169] pci_bus 0000:00: root bus resource [mem 0x000a0000-0x000bffff window]
[    0.431363] pci_bus 0000:00: root bus resource [mem 0x40000000-0xfdffffff window]
[    0.432516] pci_bus 0000:00: root bus resource [bus 00-ff]
[    0.434526] pci 0000:00:01.1: legacy IDE quirk: reg 0x10: [io  0x01f0-0x01f7]
[    0.435539] pci 0000:00:01.1: legacy IDE quirk: reg 0x14: [io  0x03f6]
[    0.436413] pci 0000:00:01.1: legacy IDE quirk: reg 0x18: [io  0x0170-0x0177]
[    0.437356] pci 0000:00:01.1: legacy IDE quirk: reg 0x1c: [io  0x0376]
[    0.454306] pci 0000:00:07.0: quirk: [io  0x4000-0x403f] claimed by PIIX4 ACPI
[    0.455467] pci 0000:00:07.0: quirk: [io  0x4100-0x410f] claimed by PIIX4 SMB
[    0.459141] ACPI: PCI Interrupt Link [LNKA] (IRQs 5 9 10 *11)
[    0.460388] ACPI: PCI Interrupt Link [LNKB] (IRQs 5 9 *10 11)
[    0.461610] ACPI: PCI Interrupt Link [LNKC] (IRQs 5 *9 10 11)
[    0.462810] ACPI: PCI Interrupt Link [LNKD] (IRQs 5 9 10 *11)
[    0.464019] ACPI: Enabled 2 GPEs in block 00 to 07
[    0.464974] vgaarb: setting as boot device: PCI:0000:00:02.0
[    0.465801] vgaarb: device added: PCI:0000:00:02.0,decodes=io+mem,owns=io+mem,locks=none
[    0.467023] vgaarb: loaded
[    0.467497] vgaarb: bridge control possible 0000:00:02.0
[    0.468399] SCSI subsystem initialized
[    0.469088] ACPI: bus type USB registered
[    0.469753] usbcore: registered new interface driver usbfs
[    0.470553] usbcore: registered new interface driver hub
[    0.471301] usbcore: registered new device driver usb
[    0.472555] PCI: Using ACPI for IRQ routing
[    0.473503] NetLabel: Initializing
[    0.474060] NetLabel:  domain hash size = 128
[    0.474707] NetLabel:  protocols = UNLABELED CIPSOv4
[    0.475457] NetLabel:  unlabeled traffic allowed by default
[    0.476340] amd_nb: Cannot enumerate AMD northbridges
[    0.477087] clocksource: Switched to clocksource kvm-clock
[    0.482287] AppArmor: AppArmor Filesystem Enabled
[    0.483060] pnp: PnP ACPI init
[    0.484097] pnp: PnP ACPI: found 3 devices
[    0.491857] clocksource: acpi_pm: mask: 0xffffff max_cycles: 0xffffff, max_idle_ns: 2085701024 ns
[    0.493218] NET: Registered protocol family 2
[    0.494039] TCP established hash table entries: 8192 (order: 4, 65536 bytes)
[    0.495051] TCP bind hash table entries: 8192 (order: 5, 131072 bytes)
[    0.496038] TCP: Hash tables configured (established 8192 bind 8192)
[    0.496912] UDP hash table entries: 512 (order: 2, 16384 bytes)
[    0.497784] UDP-Lite hash table entries: 512 (order: 2, 16384 bytes)
[    0.498667] NET: Registered protocol family 1
[    0.499381] pci 0000:00:00.0: Limiting direct PCI/PCI transfers
[    0.500256] pci 0000:00:01.0: Activating ISA DMA hang workarounds
[    0.501244] Unpacking initramfs...
[    0.669970] Freeing initrd memory: 14888K
[    0.670706] clocksource: tsc: mask: 0xffffffffffffffff max_cycles: 0x29dc020bb13, max_idle_ns: 440795273180 ns
[    0.672129] platform rtc_cmos: registered platform RTC device (no PNP device found)
[    0.673364] Scanning for low memory corruption every 60 seconds
[    0.674599] audit: initializing netlink subsys (disabled)
[    0.675379] audit: type=2000 audit(1677057690.707:1): initialized
[    0.676399] Initialise system trusted keyring
[    0.677255] HugeTLB registered 2 MB page size, pre-allocated 0 pages
[    0.679062] zbud: loaded
[    0.679828] VFS: Disk quotas dquot_6.6.0
[    0.680454] VFS: Dquot-cache hash table entries: 512 (order 0, 4096 bytes)
[    0.681602] squashfs: version 4.0 (2009/01/31) Phillip Lougher
[    0.682616] fuse init (API version 7.23)
[    0.683298] Key type big_key registered
[    0.683907] Allocating IMA MOK and blacklist keyrings.
[    0.685161] Key type asymmetric registered
[    0.685807] Asymmetric key parser 'x509' registered
[    0.686527] Block layer SCSI generic (bsg) driver version 0.4 loaded (major 249)
[    0.687706] io scheduler noop registered
[    0.688342] io scheduler deadline registered (default)
[    0.689109] io scheduler cfq registered
[    0.689851] pci_hotplug: PCI Hot Plug PCI Core version: 0.5
[    0.690623] pciehp: PCI Express Hot Plug Controller Driver version: 0.4
[    0.691578] ACPI: AC Adapter [AC] (on-line)
[    0.692235] input: Power Button as /devices/LNXSYSTM:00/LNXPWRBN:00/input/input0
[    0.693363] ACPI: Power Button [PWRF]
[    0.694651] input: Sleep Button as /devices/LNXSYSTM:00/LNXSLPBN:00/input/input1
[    0.697050] ACPI: Sleep Button [SLPF]
[    0.697990] GHES: HEST is not enabled!
[    0.698682] Serial: 8250/16550 driver, 32 ports, IRQ sharing enabled
[    0.719939] 00:02: ttyS0 at I/O 0x3f8 (irq = 4, base_baud = 115200) is a 16550A
[    0.721898] Linux agpgart interface v0.103
[    0.723504] loop: module loaded
[    0.724387] scsi host0: ata_piix
[    0.725027] scsi host1: ata_piix
[    0.725636] ata1: PATA max UDMA/33 cmd 0x1f0 ctl 0x3f6 bmdma 0xd000 irq 14
[    0.726536] ata2: PATA max UDMA/33 cmd 0x170 ctl 0x376 bmdma 0xd008 irq 15
[    0.727492] libphy: Fixed MDIO Bus: probed
[    0.728126] tun: Universal TUN/TAP device driver, 1.6
[    0.728835] tun: (C) 1999-2004 Max Krasnyansky <maxk@qualcomm.com>
[    0.729758] PPP generic driver version 2.4.2
[    0.730682] ehci_hcd: USB 2.0 'Enhanced' Host Controller (EHCI) Driver
[    0.731574] ehci-pci: EHCI PCI platform driver
[    0.732440] ehci-platform: EHCI generic platform driver
[    0.733209] ohci_hcd: USB 1.1 'Open' Host Controller (OHCI) Driver
[    0.734085] ohci-pci: OHCI PCI platform driver
[    0.734741] ohci-platform: OHCI generic platform driver
[    0.735507] uhci_hcd: USB Universal Host Controller Interface driver
[    0.736390] i8042: PNP: PS/2 Controller [PNP0303:PS2K,PNP0f03:PS2M] at 0x60,0x64 irq 1,12
[    0.738113] serio: i8042 KBD port at 0x60,0x64 irq 1
[    0.738818] serio: i8042 AUX port at 0x60,0x64 irq 12
[    0.739595] mousedev: PS/2 mouse device common for all mice
[    0.740707] input: AT Translated Set 2 keyboard as /devices/platform/i8042/serio0/input/input2
[    0.742078] rtc_cmos rtc_cmos: rtc core: registered rtc_cmos as rtc0
[    0.743160] rtc_cmos rtc_cmos: alarms up to one day, 114 bytes nvram
[    0.744036] i2c /dev entries driver
[    0.744640] device-mapper: uevent: version 1.0.3
[    0.745457] device-mapper: ioctl: 4.34.0-ioctl (2015-10-28) initialised: dm-devel@redhat.com
[    0.746729] ledtrig-cpu: registered to indicate activity on CPUs
[    0.747878] NET: Registered protocol family 10
[    0.748694] NET: Registered protocol family 17
[    0.749439] Key type dns_resolver registered
[    0.750391] registered taskstats version 1
[    0.751046] Loading compiled-in X.509 certificates
[    0.752195] Loaded X.509 cert 'Build time autogenerated kernel key: cf00e047681d67edb2720680708b7d9498083038'
[    0.753664] zswap: loaded using pool lzo/zbud
[    0.755534] Key type trusted registered
[    0.758132] Key type encrypted registered
[    0.758772] AppArmor: AppArmor sha1 policy hashing enabled
[    0.759562] ima: No TPM chip found, activating TPM-bypass!
[    0.760369] ima: Allocated hash algorithm: sha1
[    0.761111] evm: HMAC attrs: 0x1
[    0.761911]   Magic number: 11:404:374
[    0.762512] acpi LNXVIDEO:00: hash matches
[    0.763204] rtc_cmos rtc_cmos: setting system clock to 2023-02-22 09:21:26 UTC (1677057686)
[    0.764524] BIOS EDD facility v0.16 2004-Jun-25, 0 devices found
[    0.765372] EDD information not available.
[    0.978344] Freeing unused kernel memory: 1492K
[    0.980826] Write protecting the kernel read-only data: 14336k
[    0.984786] Freeing unused kernel memory: 1584K
[    0.985784] Freeing unused kernel memory: 52K
Loading, please wait...
starting version 229
[    0.995879] random: systemd-udevd: uninitialized urandom read (16 bytes read, 3 bits of entropy available)
[    0.996326] random: udevadm: uninitialized urandom read (16 bytes read, 3 bits of entropy available)
[    0.996344] random: udevadm: uninitialized urandom read (16 bytes read, 3 bits of entropy available)
[    1.000628] random: systemd-udevd: uninitialized urandom read (16 bytes read, 3 bits of entropy available)
[    1.001871] random: udevadm: uninitialized urandom read (16 bytes read, 3 bits of entropy available)
[    1.001907] random: udevadm: uninitialized urandom read (16 bytes read, 3 bits of entropy available)
[    1.002007] random: udevadm: uninitialized urandom read (16 bytes read, 3 bits of entropy available)
[    1.002049] random: udevadm: uninitialized urandom read (16 bytes read, 3 bits of entropy available)
[    1.002087] random: udevadm: uninitialized urandom read (16 bytes read, 3 bits of entropy available)
[    1.002130] random: udevadm: uninitialized urandom read (16 bytes read, 3 bits of entropy available)
[    1.041947] e1000: Intel(R) PRO/1000 Network Driver - version 7.3.21-k8-NAPI
[    1.043116] e1000: Copyright (c) 1999-2006 Intel Corporation.
[    1.044166] Fusion MPT base driver 3.04.20
[    1.044838] Copyright (c) 1999-2008 LSI Corporation
[    1.051537] Fusion MPT SPI Host driver 3.04.20
[    1.060114] AVX2 version of gcm_enc/dec engaged.
[    1.060901] AES CTR mode by8 optimization enabled
[    1.268338] input: ImExPS/2 Generic Explorer Mouse as /devices/platform/i8042/serio1/input/input4
[    1.705126] e1000 0000:00:03.0 eth0: (PCI:33MHz:32-bit) 02:be:82:6b:cc:1d
[    1.710165] e1000 0000:00:03.0 eth0: Intel(R) PRO/1000 Network Connection
[    1.713560] mptbase: ioc0: Initiating bringup
[    1.714787] e1000 0000:00:03.0 enp0s3: renamed from eth0
[    2.566187] ioc0: LSI53C1030 A0: Capabilities={Initiator}
[    4.874722] scsi host2: ioc0: LSI53C1030 A0, FwRev=00000000h, Ports=1, MaxQ=256, IRQ=20
[    6.534159] scsi 2:0:0:0: Direct-Access     VBOX     HARDDISK         1.0  PQ: 0 ANSI: 5
[    6.541010] scsi target2:0:0: Beginning Domain Validation
[    6.545139] scsi target2:0:0: Domain Validation skipping write tests
[    6.546039] scsi target2:0:0: Ending Domain Validation
[    6.546835] scsi target2:0:0: asynchronous
[    6.547845] scsi 2:0:1:0: Direct-Access     VBOX     HARDDISK         1.0  PQ: 0 ANSI: 5
[    6.549093] scsi target2:0:1: Beginning Domain Validation
[    6.550374] scsi target2:0:1: Domain Validation skipping write tests
[    6.551266] scsi target2:0:1: Ending Domain Validation
[    6.552052] scsi target2:0:1: asynchronous
[    6.563854] sd 2:0:0:0: Attached scsi generic sg0 type 0
[    6.564846] sd 2:0:0:0: [sda] 83886080 512-byte logical blocks: (42.9 GB/40.0 GiB)
[    6.566446] sd 2:0:1:0: [sdb] 20480 512-byte logical blocks: (10.5 MB/10.0 MiB)
[    6.569498] sd 2:0:1:0: Attached scsi generic sg1 type 0
[    6.569593] sd 2:0:1:0: [sdb] Write Protect is off
[    6.569673] sd 2:0:1:0: [sdb] Incomplete mode parameter data
[    6.569674] sd 2:0:1:0: [sdb] Assuming drive cache: write through
[    6.573014] sd 2:0:0:0: [sda] Write Protect is off
[    6.573941] sd 2:0:0:0: [sda] Incomplete mode parameter data
[    6.574763] sd 2:0:0:0: [sda] Assuming drive cache: write through
[    6.576562]  sda: sda1
[    6.576963] sd 2:0:1:0: [sdb] Attached SCSI disk
[    6.578228] sd 2:0:0:0: [sda] Attached SCSI disk
Begin: Loading essential drivers ... [    7.875383] md: linear personality registered for level -1
[    7.878162] md: multipath personality registered for level -4
[    7.880720] md: raid0 personality registered for level 0
[    7.884059] md: raid1 personality registered for level 1
[    7.965209] raid6: sse2x1   gen() 13718 MB/s
[    8.041331] raid6: sse2x1   xor()  8985 MB/s
[    8.121355] raid6: sse2x2   gen() 18923 MB/s
[    8.201294] raid6: sse2x2   xor() 12675 MB/s
[    8.272830] raid6: sse2x4   gen() 19240 MB/s
[    8.341096] raid6: sse2x4   xor() 11556 MB/s
[    8.409136] raid6: avx2x1   gen() 24179 MB/s
[    8.477490] raid6: avx2x2   gen() 32098 MB/s
[    8.545106] raid6: avx2x4   gen() 34628 MB/s
[    8.545954] raid6: using algorithm avx2x4 gen() 34628 MB/s
[    8.546783] raid6: using avx2x2 recovery algorithm
[    8.548550] xor: automatically using best checksumming function:
[    8.589144]    avx       : 26919.000 MB/sec
[    8.590532] async_tx: api initialized (async)
[    8.597230] md: raid6 personality registered for level 6
[    8.598712] md: raid5 personality registered for level 5
[    8.600263] md: raid4 personality registered for level 4
[    8.605949] md: raid10 personality registered for level 10
done.
Begin: Running /scripts/init-premount ... done.
Begin: Mounting root file system ... Begin: Running /scripts/local-top ... done.
Begin: Running /scripts/local-premount ... [    8.629338] Btrfs loaded
Scanning for Btrfs filesystems
done.
Warning: fsck not present, so skipping root file system
[    8.650458] EXT4-fs (sda1): mounted filesystem with ordered data mode. Opts: (null)
done.
Begin: Running /scripts/local-bottom ... done.
Begin: Running /scripts/init-bottom ... done.
[    8.717498] systemd[1]: systemd 229 running in system mode. (+PAM +AUDIT +SELINUX +IMA +APPARMOR +SMACK +SYSVINIT +UTMP +LIBCRYPTSETUP +GCRYPT +GNUTLS +ACL +XZ -LZ4 +SECCOMP +BLKID +ELFUTILS +KMOD -IDN)
[    8.720467] systemd[1]: Detected virtualization oracle.
[    8.721381] systemd[1]: Detected architecture x86-64.

Welcome to [1mUbuntu 16.04.7 LTS[0m!

[    8.724090] systemd[1]: Set hostname to <ubuntu>.
[    8.725986] systemd[1]: Initializing machine ID from random generator.
[    8.726913] systemd[1]: Installed transient /etc/machine-id file.
[    8.810601] systemd[1]: Created slice User and Session Slice.
[[0;32m  OK  [0m] Created slice User and Session Slice.
[    8.812123] systemd[1]: Listening on LVM2 metadata daemon socket.
[[0;32m  OK  [0m] Listening on LVM2 metadata daemon socket.
[    8.813591] systemd[1]: Reached target User and Group Name Lookups.
[[0;32m  OK  [0m] Reached target User and Group Name Lookups.
[    8.815102] systemd[1]: Listening on LVM2 poll daemon socket.
[[0;32m  OK  [0m] Listening on LVM2 poll daemon socket.
[    8.816517] systemd[1]: Listening on Syslog Socket.
[[0;32m  OK  [0m] Listening on Syslog Socket.
[    8.817841] systemd[1]: Listening on Journal Audit Socket.
[[0;32m  OK  [0m] Listening on Journal Audit Socket.
[    8.819263] systemd[1]: Listening on Journal Socket.
[[0;32m  OK  [0m] Listening on Journal Socket.
[    8.820541] systemd[1]: Listening on /dev/initctl Compatibility Named Pipe.
[[0;32m  OK  [0m] Listening on /dev/initctl Compatibility Named Pipe.
[    8.822212] systemd[1]: Started Forward Password Requests to Wall Directory Watch.
[[0;32m  OK  [0m] Started Forward Password Requests to Wall Directory Watch.
[    8.824098] systemd[1]: Reached target Encrypted Volumes.
[[0;32m  OK  [0m] Reached target Encrypted Volumes.
[    8.825530] systemd[1]: Set up automount Arbitrary Executable File Formats File System Automount Point.
[[0;32m  OK  [0m] Set up automount Arbitrary Executab...ats File System Automount Point.
[    8.827689] systemd[1]: Listening on udev Control Socket.
[[0;32m  OK  [0m] Listening on udev Control Socket.
[    8.829008] systemd[1]: Started Trigger resolvconf update for networkd DNS.
[[0;32m  OK  [0m] Started Trigger resolvconf update for networkd DNS.
[    8.830772] systemd[1]: Reached target Swap.
[[0;32m  OK  [0m] Reached target Swap.
[    8.832067] systemd[1]: Created slice System Slice.
[[0;32m  OK  [0m] Created slice System Slice.
[    8.845193] systemd[1]: Mounting Debug File System...
         Mounting Debug File System...
[    8.846592] systemd[1]: Reached target Slices.
[[0;32m  OK  [0m] Reached target Slices.
[    8.847941] systemd[1]: Created slice system-serial\x2dgetty.slice.
[[0;32m  OK  [0m] Created slice system-serial\x2dgetty.slice.
[    8.849828] systemd[1]: Mounting Huge Pages File System...
         Mounting Huge Pages File System...
[    8.851544] systemd[1]: Starting Uncomplicated firewall...
         Starting Uncomplicated firewall...
[    8.853990] systemd[1]: Starting Load Kernel Modules...
         Starting Load Kernel Modules...
[    8.855755] systemd[1]: Mounting POSIX Message Queue File System...
         Mounting POSIX Message Queue File System...
[    8.858573] systemd[1]: Starting Set console keymap...
         Starting Set console keymap...
[    8.860549] systemd[1]: Starting Create list of required static device nodes for the current kernel...
         Starting Create list of required st... nodes for the current kernel...
[    8.865421] Loading iSCSI transport class v2.0-870.
[    8.869239] systemd[1]: Reached target System Time Synchronized.
[[0;32m  OK  [0m] Reached target System Time Synchronized.
[    8.870769] systemd[1]: Listening on udev Kernel Socket.
[[0;32m  OK  [0m] Listening on udev Kernel Socket.
[    8.872104] systemd[1]: Listening on Device-mapper event daemon FIFOs.
[[0;32m  OK  [0m] Listening on Device-mapper event daemon FIFOs.
[    8.878888] iscsi: registered transport (tcp)
[    8.889209] systemd[1]: Starting Monitoring of LVM2 mirrors, snapshots etc. using dmeventd or progress polling...
         Starting Monitoring of LVM2 mirrors... dmeventd or progress polling...
[    8.892018] systemd[1]: Starting Nameserver information manager...
         Starting Nameserver information manager...
[    8.893508] systemd[1]: Listening on Journal Socket (/dev/log).
[[0;32m  OK  [0m] Listening on Journal Socket (/dev/log).
[    8.895873] systemd[1]: Starting Journal Service...
         Starting Journal Service...
[    8.897394] systemd[1]: Listening on fsck to fsckd communication Socket.
[[0;32m  OK  [0m] Listening on fsck to fsckd communication Socket.
[    8.899708] systemd[1]: Starting File System Check on Root Device...
         Starting File System Check on Root Device...
[    8.902722] systemd[1]: Mounted Huge Pages File System.
[[0;32m  OK  [0m] Mounted Huge Pages File System.
[    8.905418] systemd[1]: Mounted POSIX Message Queue File System.
[[0;32m  OK  [0m] Mounted POSIX Message Queue File System.
[    8.907592] systemd[1]: Mounted Debug File System.
[[0;32m  OK  [0m] Mounted Debug File System.
[    8.908920] iscsi: registered transport (iser)
[    8.909313] systemd[1]: Started Uncomplicated firewall.
[[0;32m  OK  [0m] Started Uncomplicated firewall.
[    8.912273] systemd[1]: Started Load Kernel Modules.
[[0;32m  OK  [0m] Started Load Kernel Modules.
[    8.914066] systemd[1]: Started Set console keymap.
[[0;32m  OK  [0m] Started Set console keymap.
[    8.915699] systemd[1]: Started Create list of required static device nodes for the current kernel.
[[0;32m  OK  [0m] Started Create list of required sta...ce nodes for the current kernel.
[    8.920017] systemd[1]: Started File System Check Daemon to report status.
[[0;32m  OK  [0m] Started File System Check Daemon to report status.
[    8.922255] systemd[1]: Starting Create Static Device Nodes in /dev...
         Starting Create Static Device Nodes in /dev...
[    8.924425] systemd[1]: Starting Apply Kernel Variables...
         Starting Apply Kernel Variables...
[    8.927036] systemd[1]: Mounting FUSE Control File System...
         Mounting FUSE Control File System...
[    8.928907] systemd[1]: Mounted FUSE Control File System.
[[0;32m  OK  [0m] Mounted FUSE Control File System.
[    8.932111] systemd[1]: Started Nameserver information manager.
[[0;32m  OK  [0m] Started Nameserver information manager.
[    8.933799] systemd[1]: Started Journal Service.
[[0;32m  OK  [0m] Started Journal Service.
[[0;32m  OK  [0m] Started LVM2 metadata daemon.
[[0;32m  OK  [0m] Started Apply Kernel Variables.
[[0;32m  OK  [0m] Started File System Check on Root Device.
         Starting Remount Root and Kernel File Systems...
[[0;32m  OK  [0m] Started Remount Root and Kernel File Systems.
         Starting Flush Journal to Persistent Storage...
         Starting Load/Save Random Seed...
         Starting udev Coldplug all Devices...
[[0;32m  OK  [0m] Started Create Static Device Nodes in /dev.
[[0;32m  OK  [0m] Started Load/Save Random Seed.
         Starting udev Kernel Device Manager...
[[0;32m  OK  [0m] Started Flush Journal to Persistent Storage.
[[0;32m  OK  [0m] Started udev Kernel Device Manager.
[[0;32m  OK  [0m] Started udev Coldplug all Devices.
[[0;32m  OK  [0m] Started Dispatch Password Requests to Console Directory Watch.
[[0;32m  OK  [0m] Found device /dev/ttyS0.
[[0;32m  OK  [0m] Listening on Load/Save RF Kill Switch Status /dev/rfkill Watch.
[[0;32m  OK  [0m] Started Monitoring of LVM2 mirrors,...ng dmeventd or progress polling.
[[0;32m  OK  [0m] Reached target Local File Systems (Pre).
[[0;32m  OK  [0m] Reached target Local File Systems.
         Starting Tell Plymouth To Write Out Runtime Data...
         Starting Set console font and keymap...
         Starting Initial cloud-init job (pre-networking)...
         Starting LSB: AppArmor initialization...
         Starting Commit a transient machine-id on disk...
         Starting Create Volatile Files and Directories...
[[0;32m  OK  [0m] Started Tell Plymouth To Write Out Runtime Data.
[[0;32m  OK  [0m] Started Create Volatile Files and Directories.
         Starting Update UTMP about System Boot/Shutdown...
[[0;32m  OK  [0m] Started Update UTMP about System Boot/Shutdown.
[[0;32m  OK  [0m] Started Commit a transient machine-id on disk.
[[0;32m  OK  [0m] Started Set console font and keymap.
[[0;32m  OK  [0m] Created slice system-getty.slice.
[[0;32m  OK  [0m] Started LSB: AppArmor initialization.
         Starting Load AppArmor profiles managed internally by snapd...
[[0;32m  OK  [0m] Started Load AppArmor profiles managed internally by snapd.
[    9.984120] cloud-init[621]: Cloud-init v. 21.1-19-gbad84ad4-0ubuntu1~16.04.2 running 'init-local' at Wed, 22 Feb 2023 09:21:35 +0000. Up 9.82 seconds.
[[0;32m  OK  [0m] Started Initial cloud-init job (pre-networking).
[[0;32m  OK  [0m] Reached target Network (Pre).
         Starting Raise network interfaces...
[[0;32m  OK  [0m] Started Raise network interfaces.
         Starting Initial cloud-init job (metadata service crawler)...
[[0;32m  OK  [0m] Reached target Network.
[   10.728471] cloud-init[946]: Cloud-init v. 21.1-19-gbad84ad4-0ubuntu1~16.04.2 running 'init' at Wed, 22 Feb 2023 09:21:36 +0000. Up 10.35 seconds.
[   10.729850] cloud-init[946]: ci-info: ++++++++++++++++++++++++++++++++++++++Net device info++++++++++++++++++++++++++++++++++++++
[   10.731017] cloud-init[946]: ci-info: +--------+------+----------------------------+---------------+--------+-------------------+
[   10.732253] cloud-init[946]: ci-info: | Device |  Up  |          Address           |      Mask     | Scope  |     Hw-Address    |
[   10.733464] cloud-init[946]: ci-info: +--------+------+----------------------------+---------------+--------+-------------------+
[   10.734717] cloud-init[946]: ci-info: | enp0s3 | True |         10.0.2.15          | 255.255.255.0 | global | 02:be:82:6b:cc:1d |
[   10.735911] cloud-init[946]: ci-info: | enp0s3 | True | fe80::be:82ff:fe6b:cc1d/64 |       .       |  link  | 02:be:82:6b:cc:1d |
[   10.737098] cloud-init[946]: ci-info: |   lo   | True |         127.0.0.1          |   255.0.0.0   |  host  |         .         |
[   10.738277] cloud-init[946]: ci-info: |   lo   | True |          ::1/128           |       .       |  host  |         .         |
[   10.739402] cloud-init[946]: ci-info: +--------+------+----------------------------+---------------+--------+-------------------+
[   10.740556] cloud-init[946]: ci-info: +++++++++++++++++++++++++++Route IPv4 info++++++++++++++++++++++++++++
[   10.741671] cloud-init[946]: ci-info: +-------+-------------+----------+---------------+-----------+-------+
[   10.742725] cloud-init[946]: ci-info: | Route | Destination | Gateway  |    Genmask    | Interface | Flags |
[   10.743918] cloud-init[946]: ci-info: +-------+-------------+----------+---------------+-----------+-------+
[   10.744963] cloud-init[946]: ci-info: |   0   |   0.0.0.0   | 10.0.2.2 |    0.0.0.0    |   enp0s3  |   UG  |
[   10.745955] cloud-init[946]: ci-info: |   1   |   10.0.2.0  | 0.0.0.0  | 255.255.255.0 |   enp0s3  |   U   |
[   10.746949] cloud-init[946]: ci-info: +-------+-------------+----------+---------------+-----------+-------+
[   10.747964] cloud-init[946]: ci-info: +++++++++++++++++++Route IPv6 info+++++++++++++++++++
[   10.748908] cloud-init[946]: ci-info: +-------+-------------+---------+-----------+-------+
[   10.749824] cloud-init[946]: ci-info: | Route | Destination | Gateway | Interface | Flags |
[   10.750720] cloud-init[946]: ci-info: +-------+-------------+---------+-----------+-------+
[   10.751601] cloud-init[946]: ci-info: |   0   |  fe80::/64  |    ::   |   enp0s3  |   U   |
[   10.766928] cloud-init[946]: ci-info: |   3   |   ff00::/8  |    ::   |   enp0s3  |   U   |
[[0;32m  OK  [0m] Started Initial cloud-init job (metadata service crawler).
[[0;32m  OK  [0m] Reached target Network is Online.
[   10.773738] cloud-init[946]: ci-info: +-------+-------------+---------+-----------+-------+
[   10.776284] cloud-init[946]: Generating public/private rsa key pair.
[   10.777032] cloud-init[946]: Your identification has been saved in /etc/ssh/ssh_host_rsa_key.
[   10.777883] cloud-init[946]: Your public key has been saved in /etc/ssh/ssh_host_rsa_key.pub.
[   10.778720] cloud-init[946]: The key fingerprint is:
[   10.779300] cloud-init[946]: SHA256:fceVBV6JLrKNisMjGd7MSqn5NKdch3lXsr2KqvA1kGE root@ubuntu-xenial
[   10.780178] cloud-init[946]: The key's randomart image is:
[   10.780807] cloud-init[946]: +---[RSA 2048]----+
[   10.781373] cloud-init[946]: |              o.+|
[   10.781934] cloud-init[946]: |             o oo|
[   10.782482] cloud-init[946]: |   E        . ...|
[   10.783043] cloud-init[946]: |  . o    o . o . |
[   10.783602] cloud-init[946]: |   o    S.*.o o  |
[   10.785248]          Starting iSCSI initiator daemon (iscsid)...
[[0;32m  OK  [0m] Reached target System Initialization.
[[0;32m  OK  [0m] Started Daily Cleanup of Temporary Directories.
[[0;32m  OK  [0m] Listening on UUID daemon activation socket.
[[0;32m  OK  [0m] Listening on D-Bus System Message Bus Socket.
cloud-init[946]: |   .o o  o=o .   |
[   10.788118] [[0;32m  OK  [0m] Started ACPI Events Check.
[[0;32m  OK  [0m] Reached target Paths.
[[0;32m  OK  [0m] Listening on ACPID Listen Socket.
         Starting Socket activation for snappy daemon.
[[0;32m  OK  [0m] Started Message of the Day.
[[0;32m  OK  [0m] Started Ubuntu Advantage update messaging.
[[0;32m  OK  [0m] Started Daily apt download activities.
[[0;32m  OK  [0m] Started Daily apt upgrade and clean activities.
[[0;32m  OK  [0m] Reached target Timers.
cloud-init[946]: | ..=BB.o.o .     |         Starting LXD - unix socket.
[[0;32m  OK  [0m] Reached target Cloud-config availability.
[[0;32m  OK  [0m] Listening on Socket activation for snappy daemon.
[[0;32m  OK  [0m] Listening on LXD - unix socket.
[[0;32m  OK  [0m] Reached target Sockets.
[[0;32m  OK  [0m] Reached target Basic System.
         Starting System Logging Service...
         Starting Virtualbox guest utils...

[   10.797277] [[0;32m  OK  [0m] Started FUSE filesystem for LXC.
cloud-init[[0;32m  OK  [0m] Started ACPI event daemon.
[946]: [[0;32m  OK  [0m] Started Regular background program processing daemon.
[[0;32m  OK  [0m] Started D-Bus System Message Bus.
|  O+*O+.o   .    |
[   10.804730] cloud-init[946]: | o.B+.+. ...     |
[   10.806566] cloud-init[946]: +----[SHA256]-----+
[   10.810733] cloud-init[946]: Generating public/private dsa key pair.
[   10.811590] cloud-init[946]: Your identification has been saved in /etc/ssh/ssh_host_dsa_key.
[   10.812696] cloud-init[946]: Your public key has been saved in /etc/ssh/ssh_host_dsa_key.pub.
[   10.813748] cloud-init[946]: The key fingerprint is:
[   10.814559] cloud-init[946]: SHA256:sQM71HchgMGCji3PDsUJZ6xtPiKBKMtSapTaMG2cfqk root@ubuntu-xenial
[   10.815650] cloud-init[946]: The key's randomart image is:
[   10.816514] cloud-init[946]: +---[DSA 1024]----+         Starting /etc/rc.local Compatibility...
         Starting Login Service...
         Starting Snap Daemon...
         Starting LSB: Record successful boot for GRUB...

         Starting LSB: MD monitoring daemon...
[[0;32m  OK  [0m] Started Deferred execution scheduler.
[   10.819452] cloud-init[946]:          Starting Accounts Service...
| . . ..o... .    |         Starting Pollinate to seed the pseudo random number generator...
         Starting LXD - container startup/shutdown...
[[0;32m  OK  [0m] Started System Logging Service.
[[0;32m  OK  [0m] Started /etc/rc.local Compatibility.

[[0;32m  OK  [0m] Started iSCSI initiator daemon (iscsid).
         Starting Login to default iSCSI targets...
[[0;32m  OK  [0m] Started Login Service.
[[0;32m  OK  [0m] Started Unattended Upgrades Shutdown.
[   10.851076] cloud-init[946]: |. = . o.   . .   |
[   10.863310] cloud-init[946]: |o&.o .o o . .    |
[   10.864250] cloud-init[946]: |@o#  . o + .     |
[   10.865030] cloud-init[946]: |=^   .o S        |
[   10.865949] cloud-init[946]: |OoB o  . .       |
[   10.867221] cloud-init[946]: |++ +             |
[   10.868322] cloud-init[946]: |  E              |[[0;32m  OK  [0m] Started Login to default iSCSI targets.
[[0;32m  OK  [0m] Reached target Remote File Systems (Pre).
[[0;32m  OK  [0m] Reached target Remote File Systems.
         Starting LSB: daemon to balance interrupts for SMP systems...
         Starting LSB: Set the CPU Frequency Scaling governor to "ondemand"...
         Starting Permit User Sessions...
         Starting LSB: automatic crash report generation...
[[0;32m  OK  [0m] Started LSB: MD monitoring daemon.

[[0;32m  OK  [0m] Started Permit User Sessions.
[   10.885755] cloud-init[946]:          Starting Terminate Plymouth Boot Screen...
         Starting Hold until boot process finishes up...
[[0;32m  OK  [0m] Started Hold until boot process finishes up.
         Starting Set console scheme...
[[0;32m  OK  [0m] Started Getty on tty1.
[[0;32m  OK  [0m] Started Serial Getty on ttyS0.
[[0;32m  OK  [0m] Reached target Login Prompts.
|                 |
[[0;32m  OK  [0m] Started LSB: Record successful boot for GRUB.
[   10.894370] [[0;32m  OK  [0m] Started LSB: Set the CPU Frequency Scaling governor to "ondemand".
cloud-init[946]: [[0;32m  OK  [0m] Started Set console scheme.
+----[SHA256]-----+
[   10.899513] cloud-init[946]: Generating public/private ecdsa key pair.
[   10.900952] cloud-init[946]: Your identification has been saved in /etc/ssh/ssh_host_ecdsa_key.[[0;32m  OK  [0m] Started Terminate Plymouth Boot Screen.

[   10.905070] cloud-init[946]: Your public key has been saved in /etc/ssh/ssh_host_ecdsa_key.pub.
[   10.906524] cloud-init[946]: The key fingerprint is:
[   10.907593] cloud-init[946]: SHA256:yYMsnJ4AURmNe/VKgfcYtKkA9yZOzsSaGKy7vuoq2WQ root@ubuntu-xenial[[0;32m  OK  [0m] Started LSB: daemon to balance interrupts for SMP systems.
[[0;32m  OK  [0m] Started LSB: automatic crash report generation.

[   10.911919] cloud-init[946]: The key's randomart image is:
[   10.913140] cloud-init[946]: +---[ECDSA 256]---+
[   10.915772] cloud-init[946]: |o.+= o.          |
[   10.916902] cloud-init[946]: |.=o.o =o         |
[   10.918153] cloud-init[946]: |o.*.ooo*         |
[   10.919917] cloud-init[946]: |o@.=.+ooo.       |
[   10.920784] cloud-init[946]: |= =.=.o.S        |
[   10.921591] cloud-init[946]: | .Eo o.  .       |
[   10.922609] cloud-init[946]: |.=  o            |
[   10.923377] cloud-init[946]: |o..              |
[   10.924613] cloud-init[946]: |X+.              |
[   10.925387] cloud-init[946]: +----[SHA256]-----+
[   10.926141] cloud-init[946]: Generating public/private ed25519 key pair.
[   10.927075] cloud-init[946]: Your identification has been saved in /etc/ssh/ssh_host_ed25519_key.
[   10.928166] cloud-init[946]: Your public key has been saved in /etc/ssh/ssh_host_ed25519_key.pub.
[   10.929683] cloud-init[946]: The key fingerprint is:
[   10.930439] cloud-init[946]: SHA256://Uurz9wcd/7idodkaFoHYh4Yr8SfKsAYlvfwstDTHg root@ubuntu-xenial
[   10.931531] cloud-init[946]: The key's randomart image is:         Starting Authenticate and Authorize Users to Run Privileged Tasks...

[   10.933139] cloud-init[946]: +--[ED25519 256]--+
[   10.933852] cloud-init[946]: |                 |
[   10.935131] cloud-init[946]: |        . . .    |
[   10.935989] cloud-init[946]: |    .  + o . . . |
[   10.936784] cloud-init[946]: |   . Eo +   o o.+|
[   10.937546] cloud-init[946]: | o o+  oSo o o o=|
[   10.938295] cloud-init[946]: |. + +o. o.+  . .+|
[   10.939116] cloud-init[946]: | .  .= o o.   +..|
[   10.945599] cloud-init[946]: |    ..+ o  ...++o|
[   10.947140] cloud-init[946]: |     o..   .oo.OO|
[   10.952272] cloud-init[946]: +----[SHA256]-----+
[[0;32m  OK  [0m] Started Authenticate and Authorize Users to Run Privileged Tasks.
[[0;32m  OK  [0m] Started Accounts Service.
[[0;32m  OK  [0m] Started Virtualbox guest utils.
[[0;32m  OK  [0m] Started LXD - container startup/shutdown.
[[0;32m  OK  [0m] Started Snap Daemon.
         Starting Wait until snapd is fully seeded...
[[0;32m  OK  [0m] Started Pollinate to seed the pseudo random number generator.
         Starting OpenBSD Secure Shell server...
[[0;32m  OK  [0m] Started OpenBSD Secure Shell server.
[[0;32m  OK  [0m] Started Wait until snapd is fully seeded.
         Starting Apply the settings specified in cloud-config...
[[0;32m  OK  [0m] Reached target Multi-User System.
[[0;32m  OK  [0m] Reached target Graphical Interface.
         Starting Update UTMP about System Runlevel Changes...
[[0;32m  OK  [0m] Started Update UTMP about System Runlevel Changes.
[   11.914313] cloud-init[1297]: Generating locales (this might take a while)...
[[0;32m  OK  [0m] Created slice User Slice of vagrant.
         Starting User Manager for UID 1000...
[[0;32m  OK  [0m] Started Session 1 of user vagrant.
[[0;32m  OK  [0m] Started User Manager for UID 1000.
[   12.393525] cloud-init[1297]:   en_US.UTF-8... done
[   12.394318] cloud-init[1297]: Generation complete.
[   12.643960] cloud-init[1297]: Cloud-init v. 21.1-19-gbad84ad4-0ubuntu1~16.04.2 running 'modules:config' at Wed, 22 Feb 2023 09:21:37 +0000. Up 11.84 seconds.
[[0;32m  OK  [0m] Started Apply the settings specified in cloud-config.
         Starting Execute cloud user/final scripts...
ci-info: no authorized SSH keys fingerprints found for user ubuntu.
<14>Feb 22 09:21:38 ec2: 
<14>Feb 22 09:21:38 ec2: #############################################################
<14>Feb 22 09:21:38 ec2: -----BEGIN SSH HOST KEY FINGERPRINTS-----
<14>Feb 22 09:21:38 ec2: 1024 SHA256:sQM71HchgMGCji3PDsUJZ6xtPiKBKMtSapTaMG2cfqk root@ubuntu-xenial (DSA)
<14>Feb 22 09:21:38 ec2: 256 SHA256:yYMsnJ4AURmNe/VKgfcYtKkA9yZOzsSaGKy7vuoq2WQ root@ubuntu-xenial (ECDSA)
<14>Feb 22 09:21:38 ec2: 256 SHA256://Uurz9wcd/7idodkaFoHYh4Yr8SfKsAYlvfwstDTHg root@ubuntu-xenial (ED25519)
<14>Feb 22 09:21:38 ec2: 2048 SHA256:fceVBV6JLrKNisMjGd7MSqn5NKdch3lXsr2KqvA1kGE root@ubuntu-xenial (RSA)
<14>Feb 22 09:21:38 ec2: -----END SSH HOST KEY FINGERPRINTS-----
<14>Feb 22 09:21:38 ec2: #############################################################
-----BEGIN SSH HOST KEY KEYS-----
ecdsa-sha2-nistp256 AAAAE2VjZHNhLXNoYTItbmlzdHAyNTYAAAAIbmlzdHAyNTYAAABBBH3XidoQmCrtVGkuPGvIhjabeDsI4g9CfXZQmaXQBXXWdCFa19cOtuAXMvL+RssRg7HuYuo0ikX1tA1d7HK7ERU= root@ubuntu-xenial
ssh-ed25519 AAAAC3NzaC1lZDI1NTE5AAAAIG9FpxMBPJvDR/vUs3eBc7jpYVxmQiSpvllNA5wHn4jI root@ubuntu-xenial
ssh-rsa AAAAB3NzaC1yc2EAAAADAQABAAABAQDY9SElhLyAQA7zsf74C80wlvOac0mDO6MuqJLx+EOEfsqISeJNs6HjAzL7GM8EqpdVGcgSI1RdrKab6In8SnLatSmcnbP18LNY2AD+Xu57VreN1JK63EYXjjgx+Ra4jxPXs7sftdmKl4hoBtFQ+EqNM8dGaZpRTLF+YqJ9WL4uk6rdaAPwZyJ/s0HX0f3huyYC6yhzrGSNagSK7ZcE1ydBd0CKLfAgaWeC4fA7Rqb8xhKSTVAfwG4JGbvnGBKm+Ae65l+jmBSRvBm8V4feDdedZYypsvmPJWrsL1NZiJB0DhTdME7ZC8gboEN0COdLnPzxaUohLSjjQI684q2HLBqd root@ubuntu-xenial
-----END SSH HOST KEY KEYS-----
[   12.988457] cloud-init[1408]: Cloud-init v. 21.1-19-gbad84ad4-0ubuntu1~16.04.2 running 'modules:final' at Wed, 22 Feb 2023 09:21:38 +0000. Up 12.88 seconds.
[   12.989933] cloud-init[1408]: ci-info: no authorized SSH keys fingerprints found for user ubuntu.
[   12.990881] cloud-init[1408]: Cloud-init v. 21.1-19-gbad84ad4-0ubuntu1~16.04.2 finished at Wed, 22 Feb 2023 09:21:38 +0000. Datasource DataSourceNoCloud [seed=/dev/sdb][dsmode=net].  Up 12.98 seconds
[[0;32m  OK  [0m] Started Execute cloud user/final scripts.
[[0;32m  OK  [0m] Reached target Cloud-init target.

Ubuntu 16.04.7 LTS ubuntu-xenial ttyS0

ubuntu-xenial login: 